// Jest Snapshot v1, https://goo.gl/fbAQLP

exports[`OwnersComponent should render correctly in "debug" mode 1`] = `ShallowWrapper {}`;

exports[`OwnersComponent should render correctly in "debug" mode 2`] = `ReactWrapper {}`;
